// Vitest Snapshot v1, https://vitest.dev/guide/snapshot.html

exports[`SortDropDown Component > should match snapshot 1`] = `
<DocumentFragment>
  <menu
    class="_container_20b9ed"
  >
    <label
      class="_label_20b9ed"
    >
      Sort by:
    </label>
    <button
      aria-describedby="dropdown-button"
      aria-expanded="false"
      class="_dropDownButton_20b9ed "
      data-testid="dropdown-button"
    >
      City Name 
      <span
        class="_iconSpan_20b9ed"
      >
        <svg
          class="tabler-icon tabler-icon-chevron-down "
          fill="none"
          height="24"
          stroke="currentColor"
          stroke-linecap="round"
          stroke-linejoin="round"
          stroke-width="2"
          viewBox="0 0 24 24"
          width="24"
          xmlns="http://www.w3.org/2000/svg"
        >
          <path
            d="M6 9l6 6l6 -6"
          />
        </svg>
      </span>
    </button>
  </menu>
</DocumentFragment>
`;
