// Vitest Snapshot v1, https://vitest.dev/guide/snapshot.html

exports[`SearchBar Component > should match snapshot 1`] = `
<DocumentFragment>
  <label
    class="_label_ea9aeb"
  >
    Search cities:
    <div
      class="_searchBarContainer_ea9aeb"
      role="search"
    >
      <span
        class="_searchIcon_ea9aeb"
        data-testid="search-icon"
      >
        <svg
          class="tabler-icon tabler-icon-search "
          fill="none"
          height="24"
          stroke="currentColor"
          stroke-linecap="round"
          stroke-linejoin="round"
          stroke-width="2"
          viewBox="0 0 24 24"
          width="24"
          xmlns="http://www.w3.org/2000/svg"
        >
          <path
            d="M10 10m-7 0a7 7 0 1 0 14 0a7 7 0 1 0 -14 0"
          />
          <path
            d="M21 21l-6 -6"
          />
        </svg>
      </span>
      <input
        class="_searchInput_ea9aeb"
        placeholder="City Name..."
        type="text"
        value=""
      />
    </div>
  </label>
</DocumentFragment>
`;
