// Vitest Snapshot v1, https://vitest.dev/guide/snapshot.html

exports[`Header tests > should match snapshot 1`] = `
<DocumentFragment>
  <header>
    <a
      class="_header_63c2ea"
      href="/"
    >
      <img
        alt="Whirlwind Logo"
        class="_img_63c2ea"
        src="/project1/src/assets/Whirlwind_Logo.png"
      />
      <div>
        <h1>
          Whirlwind
        </h1>
        <h2>
          Weather Forecast
        </h2>
      </div>
    </a>
  </header>
</DocumentFragment>
`;
